============================= test session starts =============================
platform win32 -- Python 3.9.13, pytest-8.4.2, pluggy-1.6.0 -- C:\Users\gaura\OneDrive\Desktop\shoonya\shoonya_platform\venv\Scripts\python.exe
cachedir: .pytest_cache
rootdir: C:\Users\gaura\OneDrive\Desktop\shoonya\shoonya_platform
configfile: pytest.ini
plugins: anyio-4.12.1
collecting ... collected 14 items

tests/test_strategy_runner.py::TestStrategyRunner::test_strategy_runner_creates_instance PASSED [  7%]
tests/test_strategy_runner.py::TestStrategyRunner::test_register_strategy_with_database_market 
